Enter your frist name: Enter your last name: Hello, Umesh Bellur.
