Enter your frist name: Enter your last name: Hello, Steve Jobs.
